cd /home/paul/ClaudeCode_Test_qwen3.5_thinking && .venv/bin/python -m pytest tests/ -v
==================================================================================== test session starts =====================================================================================
platform linux -- Python 3.12.3, pytest-9.0.3, pluggy-1.6.0 -- /home/paul/ClaudeCode_Test_qwen3.5_thinking/.venv/bin/python
cachedir: .pytest_cache
rootdir: /home/paul/ClaudeCode_Test_qwen3.5_thinking
plugins: cov-7.1.0
collected 50 items

tests/test_pytasker.py::TestTask::test_from_dict PASSED                                                                                                                                [  2%]
tests/test_pytasker.py::TestTask::test_from_dict_defaults PASSED                                                                                                                       [  4%]
tests/test_pytasker.py::TestTask::test_repr_completed PASSED                                                                                                                           [  6%]
tests/test_pytasker.py::TestTask::test_repr_not_completed PASSED                                                                                                                       [  8%]
tests/test_pytasker.py::TestTask::test_task_creation PASSED                                                                                                                            [ 10%]
tests/test_pytasker.py::TestTask::test_task_creation_completed PASSED                                                                                                                  [ 12%]
tests/test_pytasker.py::TestTask::test_to_dict PASSED                                                                                                                                  [ 14%]
tests/test_pytasker.py::TestTaskStorage::test_load_empty_file PASSED                                                                                                                   [ 16%]
tests/test_pytasker.py::TestTaskStorage::test_load_invalid_json_raises_error PASSED                                                                                                    [ 18%]
tests/test_pytasker.py::TestTaskStorage::test_load_nonexistent_file PASSED                                                                                                             [ 20%]
tests/test_pytasker.py::TestTaskStorage::test_load_valid_json PASSED                                                                                                                   [ 22%]
tests/test_pytasker.py::TestTaskStorage::test_save_overwrites PASSED                                                                                                                   [ 24%]
tests/test_pytasker.py::TestTaskStorage::test_save_tasks PASSED                                                                                                                        [ 26%]
tests/test_pytasker.py::TestTaskManager::test_add_task PASSED                                                                                                                          [ 28%]
tests/test_pytasker.py::TestTaskManager::test_add_task_persists PASSED                                                                                                                 [ 30%]
tests/test_pytasker.py::TestTaskManager::test_complete_nonexistent_raises_error PASSED                                                                                                 [ 32%]
tests/test_pytasker.py::TestTaskManager::test_complete_task PASSED                                                                                                                     [ 34%]
tests/test_pytasker.py::TestTaskManager::test_complete_task_persists PASSED                                                                                                            [ 36%]
tests/test_pytasker.py::TestTaskManager::test_delete_nonexistent_returns_false PASSED                                                                                                  [ 38%]
tests/test_pytasker.py::TestTaskManager::test_delete_task PASSED                                                                                                                       [ 40%]
tests/test_pytasker.py::TestTaskManager::test_delete_task_persists PASSED                                                                                                              [ 42%]
tests/test_pytasker.py::TestTaskManager::test_get_task_by_id_found PASSED                                                                                                              [ 44%]
tests/test_pytasker.py::TestTaskManager::test_get_task_by_id_not_found PASSED                                                                                                          [ 46%]
tests/test_pytasker.py::TestTaskManager::test_list_returns_copy PASSED                                                                                                                 [ 48%]
tests/test_pytasker.py::TestTaskManager::test_list_tasks_empty PASSED                                                                                                                  [ 50%]
tests/test_pytasker.py::TestTaskManager::test_list_tasks_multiple PASSED                                                                                                               [ 52%]
tests/test_pytasker.py::TestCLI::test_cmd_add PASSED                                                                                                                                   [ 54%]
tests/test_pytasker.py::TestCLI::test_cmd_complete_not_found PASSED                                                                                                                    [ 56%]
tests/test_pytasker.py::TestCLI::test_cmd_complete_success PASSED                                                                                                                      [ 58%]
tests/test_pytasker.py::TestCLI::test_cmd_delete_not_found PASSED                                                                                                                      [ 60%]
tests/test_pytasker.py::TestCLI::test_cmd_delete_success PASSED                                                                                                                        [ 62%]
tests/test_pytasker.py::TestCLI::test_cmd_list_empty PASSED                                                                                                                            [ 64%]
tests/test_pytasker.py::TestCLI::test_cmd_list_with_tasks PASSED                                                                                                                       [ 66%]
tests/test_pytasker.py::TestCLI::test_create_parser PASSED                                                                                                                             [ 68%]
tests/test_pytasker.py::TestCLI::test_no_command_shows_help PASSED                                                                                                                     [ 70%]
tests/test_pytasker.py::TestCLI::test_parse_add_command PASSED                                                                                                                         [ 72%]
tests/test_pytasker.py::TestCLI::test_parse_complete_command PASSED                                                                                                                    [ 74%]
tests/test_pytasker.py::TestCLI::test_parse_delete_command PASSED                                                                                                                      [ 76%]
tests/test_pytasker.py::TestCLI::test_parse_list_command PASSED                                                                                                                        [ 78%]
tests/test_pytasker.py::TestStorageError::test_storage_error_message PASSED                                                                                                            [ 80%]
tests/test_pytasker.py::TestTaskNotFoundError::test_task_not_found_error_message PASSED                                                                                                [ 82%]
tests/test_pytasker.py::TestStorageSaveError::test_save_to_invalid_path_raises_error PASSED                                                                                            [ 84%]
tests/test_pytasker.py::TestMainFunction::test_main_add_command PASSED                                                                                                                 [ 86%]
tests/test_pytasker.py::TestMainFunction::test_main_list_command PASSED                                                                                                                [ 88%]
tests/test_pytasker.py::TestMainFunction::test_main_no_command PASSED                                                                                                                  [ 90%]
tests/test_pytasker.py::TestTaskManagerErrorHandling::test_manager_handles_storage_error_on_load PASSED                                                                                [ 92%]
tests/test_pytasker.py::TestTaskManagerErrorHandling::test_manager_handles_storage_error_on_save PASSED                                                                                [ 94%]
tests/test_pytasker.py::TestMainModule::test_main_module_executable PASSED                                                                                                             [ 96%]
tests/test_pytasker.py::TestMainModule::test_main_module_import PASSED                                                                                                                 [ 98%]
tests/test_pytasker.py::TestMainModule::test_main_module_run_as_script PASSED                                                                                                          [100%]

===================================================================================== 50 passed in 0.04s =====================================================================================